// Jest Snapshot v1, https://goo.gl/fbAQLP

exports[`OnRender component snapshot renders 1`] = `
<OnRender
  method={
    [MockFunction] {
      "calls": Array [
        Array [],
      ],
      "results": Array [
        Object {
          "type": "return",
          "value": undefined,
        },
      ],
    }
  }
/>
`;
