// Jest Snapshot v1, https://goo.gl/fbAQLP

exports[`Modal component snapshot renders 1`] = `
<Modal
  isOpen={true}
>
  <styles__Modal
    ariaHideApp={false}
    isOpen={true}
  >
    <StyledComponent
      ariaHideApp={false}
      forwardedComponent={
        Object {
          "$$typeof": Symbol(react.forward_ref),
          "attrs": Array [],
          "componentStyle": ComponentStyle {
            "componentId": "styles__Modal-sc-6vcceo-4",
            "isStatic": false,
            "lastClassName": "cFTjBz",
            "rules": Array [
              "background-color:#ffffff;border:1px solid #e9ecef;bottom:auto;left:50%;max-width:650px;outline:none;padding:20px 20px 62px;position:absolute;right:auto;top:43%;width:calc(100% - 20px);",
              [Function],
            ],
          },
          "defaultStyles": Object {
            "content": Object {
              "WebkitOverflowScrolling": "touch",
              "background": "#fff",
              "border": "1px solid #ccc",
              "borderRadius": "4px",
              "bottom": "40px",
              "left": "40px",
              "outline": "none",
              "overflow": "auto",
              "padding": "20px",
              "position": "absolute",
              "right": "40px",
              "top": "40px",
            },
            "overlay": Object {
              "backgroundColor": "rgba(255, 255, 255, 0.75)",
              "bottom": 0,
              "left": 0,
              "position": "fixed",
              "right": 0,
              "top": 0,
            },
          },
          "displayName": "styles__Modal",
          "foldedComponentIds": Array [],
          "render": [Function],
          "styledComponentId": "styles__Modal-sc-6vcceo-4",
          "target": [Function],
          "toString": [Function],
          "warnTooManyClasses": [Function],
          "withComponent": [Function],
        }
      }
      forwardedRef={null}
      isOpen={true}
    >
      <Modal
        ariaHideApp={false}
        bodyOpenClassName="ReactModal__Body--open"
        className="cFTjBz"
        closeTimeoutMS={0}
        isOpen={true}
        parentSelector={[Function]}
        portalClassName="ReactModalPortal"
        role="dialog"
        shouldCloseOnEsc={true}
        shouldCloseOnOverlayClick={true}
        shouldFocusAfterRender={true}
        shouldReturnFocusAfterClose={true}
      >
        <Portal
          containerInfo={
            <div
              class="ReactModalPortal"
            >
              <div
                class="ReactModal__Overlay ReactModal__Overlay--after-open"
                style="position: fixed; top: 0px; left: 0px; right: 0px; bottom: 0px; background-color: rgba(255, 255, 255, 0.75);"
              >
                <div
                  class="ReactModal__Content ReactModal__Content--after-open cFTjBz"
                  role="dialog"
                  tabindex="-1"
                >
                  <div
                    class="fZzAoB"
                  >
                    <a
                      class="dbJOmm"
                    />
                  </div>
                  <div
                    class="dfQguO"
                  />
                </div>
              </div>
            </div>
          }
        >
          <ModalPortal
            ariaHideApp={false}
            bodyOpenClassName="ReactModal__Body--open"
            className="cFTjBz"
            closeTimeoutMS={0}
            defaultStyles={
              Object {
                "content": Object {
                  "WebkitOverflowScrolling": "touch",
                  "background": "#fff",
                  "border": "1px solid #ccc",
                  "borderRadius": "4px",
                  "bottom": "40px",
                  "left": "40px",
                  "outline": "none",
                  "overflow": "auto",
                  "padding": "20px",
                  "position": "absolute",
                  "right": "40px",
                  "top": "40px",
                },
                "overlay": Object {
                  "backgroundColor": "rgba(255, 255, 255, 0.75)",
                  "bottom": 0,
                  "left": 0,
                  "position": "fixed",
                  "right": 0,
                  "top": 0,
                },
              }
            }
            isOpen={true}
            parentSelector={[Function]}
            portalClassName="ReactModalPortal"
            role="dialog"
            shouldCloseOnEsc={true}
            shouldCloseOnOverlayClick={true}
            shouldFocusAfterRender={true}
            shouldReturnFocusAfterClose={true}
            style={
              Object {
                "content": Object {},
                "overlay": Object {},
              }
            }
          >
            <div
              className="ReactModal__Overlay ReactModal__Overlay--after-open"
              onClick={[Function]}
              onMouseDown={[Function]}
              style={
                Object {
                  "backgroundColor": "rgba(255, 255, 255, 0.75)",
                  "bottom": 0,
                  "left": 0,
                  "position": "fixed",
                  "right": 0,
                  "top": 0,
                }
              }
            >
              <div
                className="ReactModal__Content ReactModal__Content--after-open cFTjBz"
                onClick={[Function]}
                onKeyDown={[Function]}
                onMouseDown={[Function]}
                onMouseUp={[Function]}
                role="dialog"
                style={Object {}}
                tabIndex="-1"
              >
                <styles__Header>
                  <StyledComponent
                    forwardedComponent={
                      Object {
                        "$$typeof": Symbol(react.forward_ref),
                        "attrs": Array [],
                        "componentStyle": ComponentStyle {
                          "componentId": "styles__Header-sc-6vcceo-2",
                          "isStatic": false,
                          "lastClassName": "fZzAoB",
                          "rules": Array [
                            "display:flex;flex-direction:row-reverse;justify-content:space-between;margin-bottom:30px;@media (min-width:",
                            "768px",
                            "){padding-left:20px;}",
                          ],
                        },
                        "displayName": "styles__Header",
                        "foldedComponentIds": Array [],
                        "render": [Function],
                        "styledComponentId": "styles__Header-sc-6vcceo-2",
                        "target": "div",
                        "toString": [Function],
                        "warnTooManyClasses": [Function],
                        "withComponent": [Function],
                      }
                    }
                    forwardedRef={null}
                  >
                    <div
                      className="fZzAoB"
                    >
                      <styles__Close>
                        <StyledComponent
                          forwardedComponent={
                            Object {
                              "$$typeof": Symbol(react.forward_ref),
                              "attrs": Array [],
                              "componentStyle": ComponentStyle {
                                "componentId": "styles__Close-sc-6vcceo-1",
                                "isStatic": false,
                                "lastClassName": "dbJOmm",
                                "rules": Array [
                                  "height:32px;opacity:0.3;position:relative;width:32px;&:hover{cursor:pointer;opacity:1;}&:before,&:after{background-color:#333;content:\\" \\";height:33px;left:15px;position:absolute;width:2px;}&:before{transform:rotate(45deg);}&:after{transform:rotate(-45deg);}",
                                ],
                              },
                              "displayName": "styles__Close",
                              "foldedComponentIds": Array [],
                              "render": [Function],
                              "styledComponentId": "styles__Close-sc-6vcceo-1",
                              "target": "a",
                              "toString": [Function],
                              "warnTooManyClasses": [Function],
                              "withComponent": [Function],
                            }
                          }
                          forwardedRef={null}
                        >
                          <a
                            className="dbJOmm"
                          />
                        </StyledComponent>
                      </styles__Close>
                    </div>
                  </StyledComponent>
                </styles__Header>
                <styles__Body>
                  <StyledComponent
                    forwardedComponent={
                      Object {
                        "$$typeof": Symbol(react.forward_ref),
                        "attrs": Array [],
                        "componentStyle": ComponentStyle {
                          "componentId": "styles__Body-sc-6vcceo-0",
                          "isStatic": false,
                          "lastClassName": "dfQguO",
                          "rules": Array [
                            "@media (min-width:",
                            "768px",
                            "){padding:10px 20px;}",
                            [Function],
                          ],
                        },
                        "displayName": "styles__Body",
                        "foldedComponentIds": Array [],
                        "render": [Function],
                        "styledComponentId": "styles__Body-sc-6vcceo-0",
                        "target": "div",
                        "toString": [Function],
                        "warnTooManyClasses": [Function],
                        "withComponent": [Function],
                      }
                    }
                    forwardedRef={null}
                  >
                    <div
                      className="dfQguO"
                    />
                  </StyledComponent>
                </styles__Body>
              </div>
            </div>
          </ModalPortal>
        </Portal>
      </Modal>
    </StyledComponent>
  </styles__Modal>
</Modal>
`;
