// Jest Snapshot v1, https://goo.gl/fbAQLP

exports[`Button styles snapshot renders 1`] = `
<styles__Button>
  <StyledComponent
    forwardedComponent={
      Object {
        "$$typeof": Symbol(react.forward_ref),
        "attrs": Array [],
        "componentStyle": ComponentStyle {
          "componentId": "styles__Button-cto1j5-0",
          "isStatic": false,
          "lastClassName": "kNnIQU",
          "rules": Array [
            "align-items:center;background-color:#1188e6;border:1px solid #1288e5;border-radius:2px;color:#ffffff;cursor:pointer;display:flex;font-size:10pt;font-weight:300;justify-content:center;margin-bottom:11px;outline-width:3px;padding:10px 17px;transition:background-color 0.3s;&:disabled{cursor:unset;opacity:0.4;}",
            [Function],
            " ",
            [Function],
          ],
        },
        "displayName": "styles__Button",
        "foldedComponentIds": Array [],
        "render": [Function],
        "styledComponentId": "styles__Button-cto1j5-0",
        "target": "button",
        "toString": [Function],
        "warnTooManyClasses": [Function],
        "withComponent": [Function],
      }
    }
    forwardedRef={null}
  >
    <button
      className="kNnIQU"
    />
  </StyledComponent>
</styles__Button>
`;
